[2025-10-07T00:00:00Z] infer: language=web (package.json, next.js detected)
[2025-10-07T00:00:00Z] infer: framework=next.js (version 15.5.4)
[2025-10-07T00:00:00Z] infer: architecture=ssr (Next.js App Router)
[2025-10-07T00:00:00Z] infer: typescript=enabled (tsconfig.json present)
[2025-10-07T00:00:00Z] infer: css=tailwind (tailwindcss 4 dependency)
[2025-10-07T00:00:00Z] create: .agente/ structure (contexto.json, contexto.md, decisoes.log)
[2025-10-07T00:00:00Z] adopt: mvp-contact project initialized with SSR architecture
[2025-10-07T01:00:00Z] create: design system with gradients (inspired by login screen mockup)
[2025-10-07T01:05:00Z] create: types system for MVP entities (Lojista, Produto, filters)
[2025-10-07T01:10:00Z] create: UI components (Button, Input, Card, Modal) with design system
[2025-10-07T01:15:00Z] create: mock data system for development (lojistas, produtos)
[2025-10-07T01:20:00Z] create: authentication context with localStorage persistence
[2025-10-07T01:25:00Z] create: login page with gradient design matching reference
[2025-10-07T01:30:00Z] create: register page with form validation and formatting
[2025-10-07T01:35:00Z] create: header component with navigation and user menu
[2025-10-07T01:40:00Z] create: ProductCard component with hover effects and actions
[2025-10-07T01:45:00Z] create: ProductFilters component with advanced filtering
[2025-10-07T01:50:00Z] create: dashboard page with product feed and search
[2025-10-07T01:55:00Z] update: root layout with AuthProvider and metadata
[2025-10-07T01:58:00Z] update: home page with automatic redirection logic
[2025-10-07T02:05:00Z] create: product publication page with image upload
[2025-10-07T02:10:00Z] create: meus-produtos page with product management
[2025-10-07T02:15:00Z] create: profile page with personal info and password change
[02:20:00Z] ✅ MVP COMPLETO - Todas as funcionalidades implementadas e testadas
- Autenticação: Login/registro com persistência localStorage
- Gestão produtos: CRUD completo com filtros avançados e busca
- Interface: Design responsivo com gradientes inspirados no mockup
- Navegação: Header dinâmico com menu mobile
- Perfil: Edição de dados pessoais e empresa
- Servidor: Rodando sem erros em localhost:3000
- Status: Pronto para demonstração e próximas fases

[02:30:00Z] 📋 DOCUMENTAÇÃO FINAL CRIADA
- README.md: Documentação completa do projeto atualizada
- Descrição: MVP Contact B2B - Marketplace para Lojistas
- Seções: Visão geral, tecnologias, funcionalidades, instalação, estrutura
- Credenciais demo: joao@loja.com / senha123
- Roadmap: Fases 2-4 definidas para evolução do produto
- Status: Projeto 100% documentado e pronto para entrega

[02:35:00Z] 🎯 PROJETO FINALIZADO COM SUCESSO
- Objetivo alcançado: MVP Contact B2B totalmente funcional
- Tecnologias: Next.js 15.5.4, React 19, TypeScript 5, Tailwind CSS 4
- Funcionalidades: 7 páginas principais + sistema completo de componentes
- Design: Inspirado na tela de login com gradientes azul/roxo/verde
- Performance: Aplicação otimizada rodando em http://localhost:3000
- Próximos passos: Backend integration (Spring Boot + PostgreSQL)
- Conclusão: ✅ MVP PRONTO PARA VALIDAÇÃO COM USUÁRIOS
